schema {
  query: Query
  mutation: Mutation
}

"The node interface is implemented by entities that have a global unique identifier."
interface Node {
  id: ID!
}

type AddSpeakerPayload {
  speaker: Speaker
  errors: [UserError!]
}

type Attendee {
  id: Int!
  firstName: String!
  lastName: String!
  userName: String!
  emailAddress: String
  sessionsAttendees: [SessionAttendee!]!
}

type Mutation {
  addSpeaker(input: AddSpeakerInput!): AddSpeakerPayload!
}

type Query {
  node(id: ID!): Node
  speakers: [Speaker!]!
  speakerById(id: ID!): Speaker!
  speakersById(ids: [ID!]!): [Speaker!]!
}

type Session implements Node {
  id: ID!
  speakers: [Speaker]
  attendees: [Attendee]
  track: Track
  trackId: ID
  title: String!
  abstract: String
  startTime: DateTime
  endTime: DateTime
  duration: TimeSpan!
}

type SessionAttendee {
  sessionId: Int!
  session: Session
  attendeeId: Int!
  attendee: Attendee
}

type Speaker implements Node {
  id: ID!
  sessions: [Session]
  name: String!
  bio: String
  webSite: String
}

type Track implements Node {
  id: ID!
  sessions: [Session]
  name: String!
}

type UserError {
  message: String!
  code: String!
}

input AddSpeakerInput {
  name: String!
  bio: String
  webSite: String
}

"The `DateTime` scalar represents an ISO-8601 compliant date time type."
scalar DateTime

"The `ID` scalar type represents a unique identifier, often used to refetch an object or as key for a cache. The ID type appears in a JSON response as a String; however, it is not intended to be human-readable. When expected as an input type, any string (such as `\"4\"`) or integer (such as `4`) input value will be accepted as an ID."
scalar ID

"The `Int` scalar type represents non-fractional signed whole numeric values. Int can represent values between -(2^31) and 2^31 - 1."
scalar Int

"The `String` scalar type represents textual data, represented as UTF-8 character sequences. The String type is most often used by GraphQL to represent free-form human-readable text."
scalar String

"The `TimeSpan` scalar represents an ISO-8601 compliant duration type."
scalar TimeSpan
