{
  "data": {
    "addSpeaker": {
      "speaker": {
        "id": "U3BlYWtlcgppMQ==",
        "name": "Dolly Smith",
        "bio": "Folly is really cool",
        "webSite": "http://dolly.com"
      }
    }
  }
}
